../drivers/Src/stm32f407xx_SPI_driver.c:31:6:SPI_PeriClkControl	16	static
../drivers/Src/stm32f407xx_SPI_driver.c:78:6:SPI_Init	24	static
../drivers/Src/stm32f407xx_SPI_driver.c:147:6:SPI_DeInit	16	static
../drivers/Src/stm32f407xx_SPI_driver.c:178:6:SPI_SPE	16	static
../drivers/Src/stm32f407xx_SPI_driver.c:210:6:SPI_DataSend	24	static
../drivers/Src/stm32f407xx_SPI_driver.c:257:6:SPI_DataRecieve	24	static
../drivers/Src/stm32f407xx_SPI_driver.c:305:6:SPI_IRQConfig	16	static
../drivers/Src/stm32f407xx_SPI_driver.c:351:6:SPI_IRQPriorityConfig	24	static
../drivers/Src/stm32f407xx_SPI_driver.c:376:9:SPI_DataSend_IT	32	static
../drivers/Src/stm32f407xx_SPI_driver.c:416:9:SPI_DataRecieve_IT	32	static
../drivers/Src/stm32f407xx_SPI_driver.c:453:28:SPI_ApplicationEventCallback	16	static
../drivers/Src/stm32f407xx_SPI_driver.c:458:13:SPI_Handle_IRQ_Tx	16	static
../drivers/Src/stm32f407xx_SPI_driver.c:481:13:SPI_Handle_IRQ_Rx	16	static
../drivers/Src/stm32f407xx_SPI_driver.c:527:6:SPI_IRQHandling	24	static
